Error: Variable k has not been declared.
Error: Variable p has not been declared.
Error: Variable s has not been declared.
Error: Variable s1 has not been declared.
Error: Type declaration of variable r is ambigous. Please make sure each variable is declared exactly once.
Error: Variable p has not been declared.
