Error: Type declaration of variable m is ambigous. Please make sure each variable is declared exactly once.
Error: Type of variable m in this expression is ambigous. Please make sure each variable is declared exactly once.
Error: Type of variable m in this expression is ambigous. Please make sure each variable is declared exactly once.
Error: Variable n has not been declared.
Error: Variable n has not been declared.
Error: Type of variable m in this expression is ambigous. Please make sure each variable is declared exactly once.
Error: Type of variable m in this expression is ambigous. Please make sure each variable is declared exactly once.
Error: Type of variable m in this expression is ambigous. Please make sure each variable is declared exactly once.
Error: Variable n has not been declared.
Error: Type of variable m in this expression is ambigous. Please make sure each variable is declared exactly once.
Error: Variable n has not been declared.
Error: Type of variable m in this expression is ambigous. Please make sure each variable is declared exactly once.
Error: Type of variable m in this expression is ambigous. Please make sure each variable is declared exactly once.
Error: Type of variable m in this expression is ambigous. Please make sure each variable is declared exactly once.
Error: Variable r0 has not been declared.
Error: Variable k has not been declared.
Error: Type of variable m in this expression is ambigous. Please make sure each variable is declared exactly once.
Error: Variable k has not been declared.
Error: Type of variable m in this expression is ambigous. Please make sure each variable is declared exactly once.
Error: Variable n has not been declared.
Error: Type of variable m in this expression is ambigous. Please make sure each variable is declared exactly once.
Error: Variable n has not been declared.
Error: Variable n has not been declared.
Error: Type of variable m in this expression is ambigous. Please make sure each variable is declared exactly once.
Error: Type of variable m in this expression is ambigous. Please make sure each variable is declared exactly once.
Error: Variable k has not been declared.
Error: Variable n has not been declared.
Error: Type of variable m in this expression is ambigous. Please make sure each variable is declared exactly once.
Error: Type of variable m in this expression is ambigous. Please make sure each variable is declared exactly once.
