Error: Type declaration of variable p is ambigous. Please make sure each variable is declared exactly once.
Error: Type declaration of variable r is ambigous. Please make sure each variable is declared exactly once.
Error: Type declaration of variable p0 is ambigous. Please make sure each variable is declared exactly once.
