Error: Variable k has not been declared.
Error: Variable q has not been declared.
Error: Type declaration of variable s is ambigous. Please make sure each variable is declared exactly once.
Error: Type of variable s in this expression is ambigous. Please make sure each variable is declared exactly once.
Error: Type of variable s in this expression is ambigous. Please make sure each variable is declared exactly once.
Error: Variable s1 has not been declared.
Error: Variable r0 has not been declared.
Error: Variable s1 has not been declared.
