Error: Variable q has not been declared.
Error: Type declaration of variable q is ambigous. Please make sure each variable is declared exactly once.
Error: Type of variable q in this expression is ambigous. Please make sure each variable is declared exactly once.
Error: Variable t2 has not been declared.
Error: Variable t3 has not been declared.
Error: Variable t2 has not been declared.
