Error: Type declaration of variable p is ambigous. Please make sure each variable is declared exactly once.
Error: Type of variable p in this expression is ambigous. Please make sure each variable is declared exactly once.
Error: Type of variable p in this expression is ambigous. Please make sure each variable is declared exactly once.
Error: Variable r has not been declared.
Error: Variable t1 has not been declared.
Error: Type of variable p in this expression is ambigous. Please make sure each variable is declared exactly once.
Error: Variable t1 has not been declared.
Error: Variable r has not been declared.
Error: Type of variable p in this expression is ambigous. Please make sure each variable is declared exactly once.
Error: Variable t1 has not been declared.
Error: Type of variable p in this expression is ambigous. Please make sure each variable is declared exactly once.
Error: Type of variable p in this expression is ambigous. Please make sure each variable is declared exactly once.
Error: Variable t2 has not been declared.
Error: Variable r has not been declared.
Error: Variable t1 has not been declared.
Error: Variable t3 has not been declared.
Error: Variable t2 has not been declared.
Error: Variable t1 has not been declared.
Error: Variable r has not been declared.
