Error: Variable s has not been declared.
Error: Type declaration of variable r is ambigous. Please make sure each variable is declared exactly once.
Error: Type of variable r in this expression is ambigous. Please make sure each variable is declared exactly once.
