Error: Type declaration of variable j is ambigous. Please make sure each variable is declared exactly once.
Error: Type declaration of variable m is ambigous. Please make sure each variable is declared exactly once.
Error: Type declaration of variable i is ambigous. Please make sure each variable is declared exactly once.
Error: Type declaration of variable x is ambigous. Please make sure each variable is declared exactly once.
