Error: Variable s has not been declared.
Error: Variable s has not been declared.
Error: Variable s has not been declared.
Error: Variable s has not been declared.
